2026-05-25 12:53:04  INFO      [migration] bootstrapped post_log.jsonl with 38 entries from state.json
2026-05-25 12:53:04  INFO      ════════════════════════════════════════════════════════════
2026-05-25 12:53:04  INFO      Nakshiq Autoposter · MORNING · 2026-05-25 · weekday=0
2026-05-25 12:53:04  INFO      ════════════════════════════════════════════════════════════
2026-05-25 12:53:04  INFO      ── Syncing Nakshiq content ──────────────────────────────
2026-05-25 12:53:31  INFO      Synced → 20 destinations · 0 traps · 0 articles · 23 routes · 50 treks · 100 eateries · 100 stays · 100 sos · 100 viral · 50 camping · 50 gems · total catalog=505
2026-05-25 12:53:32  INFO      Active accounts: ['youtube/@naksh-iq', 'instagram/nakshiq', 'facebook/Nakshiq']
2026-05-25 12:53:32  INFO      Festivals filtered (past/post-window): Kedarnath Opening, Summer Festival, Badri-Kedar Festival, Chaukori Tea Festival, Chail Cricket Festival, Guptkashi Vishwanath Temple Festival, Tosamaidan Wildflower Season, Badrinath Temple Opening (Kapaat Kholna) (+9 more)
2026-05-25 12:53:32  INFO      [csv_formats] loaded 38 format specs: content_strategy.csv=25, content_strategy_v3_tl.csv=7, content_strategy_v4_dw.csv=6
2026-05-25 12:53:42  INFO      [csv_formats] 33/38 CSV formats eligible this run (asset present + data resolves)
2026-05-25 12:53:42  INFO      Morning format (themed-week-4→discovery): v2_hidden_gem_reveal_atmo [0% vs target 20%] (14/14 never featured)
2026-05-25 12:53:42  INFO      Formats — IG: v2_hidden_gem_reveal_atmo  ·  FB: v2_hidden_gem_reveal_atmo  ·  Story: festival_alert
2026-05-25 12:53:42  INFO      Used destinations (14d rolling ∪ current-month ∪ manual-skip): 8
2026-05-25 12:53:42  INFO      Fingerprint dedup snapshot — 8 dests in 7d · 11 (dest,fmt) pairs in 30d · 0 media in 60d
2026-05-25 12:53:42  INFO      Festivals filtered (past/post-window): Kedarnath Opening, Summer Festival, Badri-Kedar Festival, Chaukori Tea Festival, Chail Cricket Festival, Guptkashi Vishwanath Temple Festival, Tosamaidan Wildflower Season, Badrinath Temple Opening (Kapaat Kholna) (+9 more)
2026-05-25 12:53:42  INFO      Festival locked: Sital Sasthi (20/20 active festivals never featured)
2026-05-25 12:53:45  INFO      Shared best destination locked: Munsiyari
2026-05-25 12:53:45  INFO      [youtube/@naksh-iq] Skipping feed post (YouTube only accepts video/reels).
2026-05-25 12:53:45  INFO      [instagram/nakshiq] Generating v2_hidden_gem_reveal_atmo post...
2026-05-25 12:53:45  INFO      [csv_formats] endpoint-anchored: v2_hidden_gem_reveal_atmo → hidden_gems (50 candidates)
2026-05-25 12:53:45  INFO      v2_hidden_gem_reveal_atmo: no endpoint candidate passed eligibility — SKIPPING
2026-05-25 12:53:45  WARNING   [instagram/nakshiq] No content generated — skipping.
2026-05-25 12:53:45  INFO      [facebook/Nakshiq] Generating v2_hidden_gem_reveal_atmo post...
2026-05-25 12:53:45  INFO      [csv_formats] endpoint-anchored: v2_hidden_gem_reveal_atmo → hidden_gems (50 candidates)
2026-05-25 12:53:45  INFO      v2_hidden_gem_reveal_atmo: no endpoint candidate passed eligibility — SKIPPING
2026-05-25 12:53:45  WARNING   [facebook/Nakshiq] No content generated — skipping.
2026-05-25 12:53:45  INFO      State saved. Run complete.
2026-05-25 12:53:45  INFO      ════════════════════════════════════════════════════════════
